[2026-02-05 10:17:45,203] multiqc                                            [DEBUG  ]  No MultiQC config found: /home/a_adegite/miniconda3/envs/tb_genomics/lib/python2.7/site-packages/multiqc-1.0.dev0-py2.7.egg/multiqc_config.yaml
[2026-02-05 10:17:45,204] multiqc                                            [DEBUG  ]  No MultiQC config found: /home/a_adegite/.multiqc_config.yaml
[2026-02-05 10:17:45,204] multiqc                                            [DEBUG  ]  No MultiQC config found: multiqc_config.yaml
[2026-02-05 10:17:45,204] multiqc                                            [DEBUG  ]  Command used: /home/a_adegite/miniconda3/envs/tb_genomics/bin/multiqc .
[2026-02-05 10:17:45,204] multiqc                                            [DEBUG  ]  Could not connect to multiqc.info for version check
[2026-02-05 10:17:45,204] multiqc                                            [INFO   ]  This is MultiQC v1.0.dev0
[2026-02-05 10:17:45,205] multiqc                                            [DEBUG  ]  Command     : /home/a_adegite/miniconda3/envs/tb_genomics/bin/multiqc .
[2026-02-05 10:17:45,205] multiqc                                            [DEBUG  ]  Working dir : /home/a_adegite/Genomics/projects/tb_isoniazid_mutation_analysis/qc_reports/raw_reads
[2026-02-05 10:17:45,205] multiqc                                            [INFO   ]  Template    : default
[2026-02-05 10:17:45,205] multiqc                                            [INFO   ]  Searching '.'
[2026-02-05 10:17:45,206] multiqc                                            [DEBUG  ]  Analysing modules: custom_content, peddy, methylQA, qualimap, preseq, quast, rseqc, busco, goleft_indexcov, snpeff, gatk, htseq, bcftools, featureCounts, picard, prokka, samblaster, samtools, bamtools, bismark, hicup, salmon, kallisto, slamdunk, star, tophat, bowtie2, bowtie1, cutadapt, trimmomatic, skewer, fastq_screen, fastqc, clusterflow
[2026-02-05 10:17:45,207] multiqc                                            [DEBUG  ]  Using temporary directory for creating report: /tmp/tmpwvTKhh
[2026-02-05 10:17:48,293] multiqc.modules.custom_content.custom_content      [DEBUG  ]  No custom content found
[2026-02-05 10:17:48,372] multiqc.modules.peddy.peddy                        [DEBUG  ]  Could not find any reports in ('.',)
[2026-02-05 10:17:48,403] multiqc.modules.methylQA.methylQA                  [DEBUG  ]  Could not find any reports in ('.',)
[2026-02-05 10:17:48,424] multiqc.modules.qualimap.QM_BamQC                  [DEBUG  ]  Using default Qualimap thresholds: 1, 5, 10, 30, 50
[2026-02-05 10:17:48,511] multiqc.modules.qualimap.qualimap                  [DEBUG  ]  Could not find any reports in ('.',)
[2026-02-05 10:17:48,852] multiqc.modules.preseq.preseq                      [DEBUG  ]  Could not find any preseq data in ('.',)
[2026-02-05 10:17:48,880] multiqc.modules.quast.quast                        [DEBUG  ]  Could not find any reports in ('.',)
[2026-02-05 10:17:50,177] multiqc.modules.rseqc.rseqc                        [DEBUG  ]  Could not find any reports in ('.',)
[2026-02-05 10:17:50,208] multiqc.modules.busco.busco                        [DEBUG  ]  Could not find any reports in ('.',)
[2026-02-05 10:17:50,228] multiqc.modules.goleft_indexcov.goleft_indexcov    [DEBUG  ]  Did not find goleft indexcov outputs in ('.',)
[2026-02-05 10:17:50,489] multiqc.modules.snpeff.snpeff                      [DEBUG  ]  Could not find any data in ('.',)
[2026-02-05 10:17:50,873] multiqc.modules.gatk.gatk                          [DEBUG  ]  Could not find any reports in ('.',)
[2026-02-05 10:17:51,243] multiqc.modules.htseq.htseq                        [DEBUG  ]  Could not find any reports in ('.',)
[2026-02-05 10:17:51,555] multiqc.modules.bcftools.bcftools                  [DEBUG  ]  Could not find any reports in ('.',)
[2026-02-05 10:17:51,575] multiqc.modules.featureCounts.feature_counts       [DEBUG  ]  Could not find any reports in ('.',)
[2026-02-05 10:17:52,912] multiqc.modules.picard.picard                      [DEBUG  ]  Could not find any reports in ('.',)
[2026-02-05 10:17:52,925] multiqc.modules.prokka.prokka                      [DEBUG  ]  Could not find any Prokka data in ('.',)
[2026-02-05 10:17:53,048] multiqc.modules.samblaster.samblaster              [DEBUG  ]  Could not find any data in ('.',)
[2026-02-05 10:17:53,586] multiqc.modules.samtools.samtools                  [DEBUG  ]  Could not find any reports in ('.',)
[2026-02-05 10:17:53,783] multiqc.modules.bamtools.bamtools                  [DEBUG  ]  Could not find any reports in ('.',)
[2026-02-05 10:17:53,812] multiqc.modules.bismark.bismark                    [DEBUG  ]  Could not find any reports in ('.',)
[2026-02-05 10:17:53,823] multiqc.modules.hicup.hicup                        [DEBUG  ]  Could not find any HiCUP data in ('.',)
[2026-02-05 10:17:53,840] multiqc.modules.salmon.salmon                      [DEBUG  ]  Could not find any Salmon data in ('.',)
[2026-02-05 10:17:53,962] multiqc.modules.kallisto.kallisto                  [DEBUG  ]  Could not find any reports in ('.',)
[2026-02-05 10:17:55,018] multiqc.modules.slamdunk.slamdunk                  [DEBUG  ]  No slamdunk reports found.
[2026-02-05 10:17:55,034] multiqc.modules.star.star                          [DEBUG  ]  Could not find any reports in ('.',)
[2026-02-05 10:17:55,046] multiqc.modules.tophat.tophat                      [DEBUG  ]  Could not find any reports in ('.',)
[2026-02-05 10:17:55,203] multiqc.modules.bowtie2.bowtie2                    [DEBUG  ]  Could not find any reports in ('.',)
[2026-02-05 10:17:55,328] multiqc.modules.bowtie1.bowtie1                    [DEBUG  ]  Could not find any reports in ('.',)
[2026-02-05 10:17:55,448] multiqc.modules.cutadapt.cutadapt                  [DEBUG  ]  Could not find any reports in ('.',)
[2026-02-05 10:17:55,567] multiqc.modules.trimmomatic.trimmomatic            [DEBUG  ]  Could not find any Trimmomatic data in ('.',)
[2026-02-05 10:17:55,686] multiqc.modules.skewer.skewer                      [DEBUG  ]  Could not find any data in ('.',)
[2026-02-05 10:17:55,703] multiqc.modules.fastq_screen.fastq_screen          [DEBUG  ]  Could not find any reports in ('.',)
[2026-02-05 10:17:57,851] multiqc.modules.fastqc.fastqc                      [INFO   ]  Found 20 reports
[2026-02-05 10:17:58,961] multiqc.modules.clusterflow.clusterflow            [DEBUG  ]  Could not find any reports in ('.',)
[2026-02-05 10:17:58,965] multiqc                                            [INFO   ]  Report      : multiqc_report.html
[2026-02-05 10:17:58,967] multiqc                                            [INFO   ]  Data        : multiqc_data
[2026-02-05 10:17:58,968] multiqc                                            [DEBUG  ]  Moving data file from '/tmp/tmpwvTKhh/multiqc_data/multiqc_fastqc.txt' to '/home/a_adegite/Genomics/projects/tb_isoniazid_mutation_analysis/qc_reports/raw_reads/multiqc_data'
[2026-02-05 10:17:58,968] multiqc                                            [DEBUG  ]  Moving data file from '/tmp/tmpwvTKhh/multiqc_data/multiqc_sources.txt' to '/home/a_adegite/Genomics/projects/tb_isoniazid_mutation_analysis/qc_reports/raw_reads/multiqc_data'
[2026-02-05 10:17:58,968] multiqc                                            [DEBUG  ]  Moving data file from '/tmp/tmpwvTKhh/multiqc_data/multiqc_general_stats.txt' to '/home/a_adegite/Genomics/projects/tb_isoniazid_mutation_analysis/qc_reports/raw_reads/multiqc_data'
[2026-02-05 10:17:59,201] multiqc                                            [INFO   ]  MultiQC complete
