[2026-02-05 11:32:00,600] multiqc                                            [DEBUG  ]  No MultiQC config found: /home/a_adegite/miniconda3/envs/tb_genomics/lib/python2.7/site-packages/multiqc-1.0.dev0-py2.7.egg/multiqc_config.yaml
[2026-02-05 11:32:00,601] multiqc                                            [DEBUG  ]  No MultiQC config found: /home/a_adegite/.multiqc_config.yaml
[2026-02-05 11:32:00,601] multiqc                                            [DEBUG  ]  No MultiQC config found: multiqc_config.yaml
[2026-02-05 11:32:00,601] multiqc                                            [DEBUG  ]  Command used: /home/a_adegite/miniconda3/envs/tb_genomics/bin/multiqc .
[2026-02-05 11:32:00,601] multiqc                                            [DEBUG  ]  Could not connect to multiqc.info for version check
[2026-02-05 11:32:00,601] multiqc                                            [INFO   ]  This is MultiQC v1.0.dev0
[2026-02-05 11:32:00,602] multiqc                                            [DEBUG  ]  Command     : /home/a_adegite/miniconda3/envs/tb_genomics/bin/multiqc .
[2026-02-05 11:32:00,602] multiqc                                            [DEBUG  ]  Working dir : /home/a_adegite/Genomics/projects/tb_isoniazid_mutation_analysis/qc_reports/trimmed_reads
[2026-02-05 11:32:00,602] multiqc                                            [INFO   ]  Template    : default
[2026-02-05 11:32:00,602] multiqc                                            [INFO   ]  Searching '.'
[2026-02-05 11:32:00,603] multiqc                                            [DEBUG  ]  Analysing modules: custom_content, peddy, methylQA, qualimap, preseq, quast, rseqc, busco, goleft_indexcov, snpeff, gatk, htseq, bcftools, featureCounts, picard, prokka, samblaster, samtools, bamtools, bismark, hicup, salmon, kallisto, slamdunk, star, tophat, bowtie2, bowtie1, cutadapt, trimmomatic, skewer, fastq_screen, fastqc, clusterflow
[2026-02-05 11:32:00,605] multiqc                                            [DEBUG  ]  Using temporary directory for creating report: /tmp/tmp396AcI
[2026-02-05 11:32:01,949] multiqc.modules.custom_content.custom_content      [DEBUG  ]  No custom content found
[2026-02-05 11:32:01,970] multiqc.modules.peddy.peddy                        [DEBUG  ]  Could not find any reports in ('.',)
[2026-02-05 11:32:01,979] multiqc.modules.methylQA.methylQA                  [DEBUG  ]  Could not find any reports in ('.',)
[2026-02-05 11:32:01,987] multiqc.modules.qualimap.QM_BamQC                  [DEBUG  ]  Using default Qualimap thresholds: 1, 5, 10, 30, 50
[2026-02-05 11:32:02,010] multiqc.modules.qualimap.qualimap                  [DEBUG  ]  Could not find any reports in ('.',)
[2026-02-05 11:32:02,217] multiqc.modules.preseq.preseq                      [DEBUG  ]  Could not find any preseq data in ('.',)
[2026-02-05 11:32:02,226] multiqc.modules.quast.quast                        [DEBUG  ]  Could not find any reports in ('.',)
[2026-02-05 11:32:02,635] multiqc.modules.rseqc.rseqc                        [DEBUG  ]  Could not find any reports in ('.',)
[2026-02-05 11:32:02,645] multiqc.modules.busco.busco                        [DEBUG  ]  Could not find any reports in ('.',)
[2026-02-05 11:32:02,658] multiqc.modules.goleft_indexcov.goleft_indexcov    [DEBUG  ]  Did not find goleft indexcov outputs in ('.',)
[2026-02-05 11:32:02,769] multiqc.modules.snpeff.snpeff                      [DEBUG  ]  Could not find any data in ('.',)
[2026-02-05 11:32:02,877] multiqc.modules.gatk.gatk                          [DEBUG  ]  Could not find any reports in ('.',)
[2026-02-05 11:32:02,986] multiqc.modules.htseq.htseq                        [DEBUG  ]  Could not find any reports in ('.',)
[2026-02-05 11:32:03,097] multiqc.modules.bcftools.bcftools                  [DEBUG  ]  Could not find any reports in ('.',)
[2026-02-05 11:32:03,106] multiqc.modules.featureCounts.feature_counts       [DEBUG  ]  Could not find any reports in ('.',)
[2026-02-05 11:32:04,189] multiqc.modules.picard.picard                      [DEBUG  ]  Could not find any reports in ('.',)
[2026-02-05 11:32:04,202] multiqc.modules.prokka.prokka                      [DEBUG  ]  Could not find any Prokka data in ('.',)
[2026-02-05 11:32:04,321] multiqc.modules.samblaster.samblaster              [DEBUG  ]  Could not find any data in ('.',)
[2026-02-05 11:32:04,597] multiqc.modules.samtools.samtools                  [DEBUG  ]  Could not find any reports in ('.',)
[2026-02-05 11:32:04,693] multiqc.modules.bamtools.bamtools                  [DEBUG  ]  Could not find any reports in ('.',)
[2026-02-05 11:32:04,728] multiqc.modules.bismark.bismark                    [DEBUG  ]  Could not find any reports in ('.',)
[2026-02-05 11:32:04,738] multiqc.modules.hicup.hicup                        [DEBUG  ]  Could not find any HiCUP data in ('.',)
[2026-02-05 11:32:04,751] multiqc.modules.salmon.salmon                      [DEBUG  ]  Could not find any Salmon data in ('.',)
[2026-02-05 11:32:04,990] multiqc.modules.kallisto.kallisto                  [DEBUG  ]  Could not find any reports in ('.',)
[2026-02-05 11:32:05,517] multiqc.modules.slamdunk.slamdunk                  [DEBUG  ]  No slamdunk reports found.
[2026-02-05 11:32:05,531] multiqc.modules.star.star                          [DEBUG  ]  Could not find any reports in ('.',)
[2026-02-05 11:32:05,541] multiqc.modules.tophat.tophat                      [DEBUG  ]  Could not find any reports in ('.',)
[2026-02-05 11:32:05,652] multiqc.modules.bowtie2.bowtie2                    [DEBUG  ]  Could not find any reports in ('.',)
[2026-02-05 11:32:05,760] multiqc.modules.bowtie1.bowtie1                    [DEBUG  ]  Could not find any reports in ('.',)
[2026-02-05 11:32:05,854] multiqc.modules.cutadapt.cutadapt                  [DEBUG  ]  Could not find any reports in ('.',)
[2026-02-05 11:32:05,934] multiqc.modules.trimmomatic.trimmomatic            [DEBUG  ]  Could not find any Trimmomatic data in ('.',)
[2026-02-05 11:32:06,015] multiqc.modules.skewer.skewer                      [DEBUG  ]  Could not find any data in ('.',)
[2026-02-05 11:32:06,022] multiqc.modules.fastq_screen.fastq_screen          [DEBUG  ]  Could not find any reports in ('.',)
[2026-02-05 11:32:08,231] multiqc.modules.fastqc.fastqc                      [INFO   ]  Found 20 reports
[2026-02-05 11:32:09,555] multiqc.modules.clusterflow.clusterflow            [DEBUG  ]  Could not find any reports in ('.',)
[2026-02-05 11:32:09,560] multiqc                                            [INFO   ]  Report      : multiqc_report.html
[2026-02-05 11:32:09,562] multiqc                                            [INFO   ]  Data        : multiqc_data
[2026-02-05 11:32:09,562] multiqc                                            [DEBUG  ]  Moving data file from '/tmp/tmp396AcI/multiqc_data/multiqc_fastqc.txt' to '/home/a_adegite/Genomics/projects/tb_isoniazid_mutation_analysis/qc_reports/trimmed_reads/multiqc_data'
[2026-02-05 11:32:09,564] multiqc                                            [DEBUG  ]  Moving data file from '/tmp/tmp396AcI/multiqc_data/multiqc_sources.txt' to '/home/a_adegite/Genomics/projects/tb_isoniazid_mutation_analysis/qc_reports/trimmed_reads/multiqc_data'
[2026-02-05 11:32:09,564] multiqc                                            [DEBUG  ]  Moving data file from '/tmp/tmp396AcI/multiqc_data/multiqc_general_stats.txt' to '/home/a_adegite/Genomics/projects/tb_isoniazid_mutation_analysis/qc_reports/trimmed_reads/multiqc_data'
[2026-02-05 11:32:09,826] multiqc                                            [INFO   ]  MultiQC complete
